[dotenv@17.2.3] injecting env (7) from .env -- tip: ≡ƒôí add observability to secrets: https://dotenvx.com/ops
Testing model: gemini-1.5-flash with key ending in ...K16xg
Retrying with gemini-pro...
Testing model: gemini-pro with key ending in ...K16xg
node : Failed with 
gemini-1.5-flash:
At line:1 char:1
+ node test-gemini-si
mple.js > 
test-output.txt 2>&1
+ ~~~~~~~~~~~~~~~~~~~
~~~~~~~~~~~~~~~~~~~~~
~~~~~~~~~
    + CategoryInfo   
           : NotSpe  
  cified: (Failed    
 with gemini-1.5-    
flash::String) [    
], RemoteExcepti    
on
    + FullyQualified 
   ErrorId : Native  
  CommandError
 
[GoogleGenerativeAI 
Error]: Error 
fetching from https:/
/generativelanguage.g
oogleapis.com/v1beta/
models/gemini-1.5-fla
sh:generateContent: 
[404 Not Found] model
s/gemini-1.5-flash 
is not found for API 
version v1beta, or 
is not supported for 
generateContent. 
Call ListModels to 
see the list of 
available models and 
their supported 
methods.
Failed with 
gemini-pro:
[GoogleGenerativeAI 
Error]: Error 
fetching from https:/
/generativelanguage.g
oogleapis.com/v1beta/
models/gemini-pro:gen
erateContent: [404 
Not Found] 
models/gemini-pro is 
not found for API 
version v1beta, or 
is not supported for 
generateContent. 
Call ListModels to 
see the list of 
available models and 
their supported 
methods.
